=== ДІАГНОСТИКА ЗБИРАННЯ ===
Загальний вал: 287,898.1 т
Заплановано:   287,875.0 т
Різниця:       23.1 т
Кількість днів: 66
Кількість полів: 105

Залишки по відділеннях:
  Шевченкове: залишок=0.0 т | поточна потужність=0.0
  Центральне: залишок=23.1 т | поточна потужність=5,104.0
  Лимани: залишок=0.0 т | поточна потужність=0.0
  Фермери: залишок=0.0 т | поточна потужність=0.0

Детально по відділеннях — скільки зібрано щодня:

  [Шевченкове]
    День 1 (05.08.2026): 750.4 т
    День 2 (06.08.2026): 1,800.7 т
    День 3 (07.08.2026): 2,101.1 т
    День 4 (08.08.2026): 2,101.1 т
    День 5 (09.08.2026): 2,101.1 т
    День 6 (10.08.2026): 2,101.1 т
    День 7 (11.08.2026): 2,101.1 т
    День 8 (12.08.2026): 2,101.1 т
    День 9 (13.08.2026): 2,101.1 т
    День 10 (14.08.2026): 2,101.1 т
    День 11 (15.08.2026): 2,101.1 т
    День 12 (16.08.2026): 2,101.1 т
    День 13 (17.08.2026): 2,101.1 т
    День 14 (18.08.2026): 2,101.1 т
    День 15 (19.08.2026): 1,050.3 т
    День 16 (20.08.2026): 1,053.0 т
    День 17 (21.08.2026): 2,141.0 т
    День 18 (22.08.2026): 2,141.0 т
    День 19 (23.08.2026): 2,141.0 т
    День 20 (24.08.2026): 2,141.0 т
    День 21 (25.08.2026): 2,161.1 т
    День 22 (26.08.2026): 2,281.8 т
    День 23 (27.08.2026): 2,281.8 т
    День 24 (28.08.2026): 2,281.8 т
    День 25 (29.08.2026): 2,281.8 т
    День 26 (30.08.2026): 2,281.8 т
    День 27 (31.08.2026): 2,281.8 т
    День 28 (01.09.2026): 2,281.8 т
    День 29 (02.09.2026): 2,281.8 т
    День 30 (03.09.2026): 1,159.5 т
    День 31 (04.09.2026): 1,122.3 т
    День 32 (05.09.2026): 2,281.8 т
    День 33 (06.09.2026): 2,281.8 т
    День 34 (07.09.2026): 2,281.8 т
    День 35 (08.09.2026): 2,281.8 т
    День 36 (09.09.2026): 2,281.8 т
    День 37 (10.09.2026): 2,281.8 т
    День 38 (11.09.2026): 2,281.8 т
    День 39 (12.09.2026): 2,281.8 т
    День 40 (13.09.2026): 2,281.8 т
    День 41 (14.09.2026): 2,281.8 т
    День 42 (15.09.2026): 2,281.8 т
    День 43 (16.09.2026): 2,281.8 т
    День 44 (17.09.2026): 2,281.8 т
    День 45 (18.09.2026): 1,159.5 т
    День 46 (19.09.2026): 1,122.3 т
    День 47 (20.09.2026): 2,281.8 т
    День 48 (21.09.2026): 2,281.8 т
    День 49 (22.09.2026): 2,281.8 т
    День 50 (23.09.2026): 2,241.7 т
    День 51 (24.09.2026): 2,119.4 т
    День 52 (25.09.2026): 2,239.3 т
    День 53 (26.09.2026): 2,239.3 т
    День 54 (27.09.2026): 2,239.3 т
    День 55 (28.09.2026): 2,239.3 т
    День 56 (29.09.2026): 2,239.3 т
    День 57 (30.09.2026): 2,239.3 т
    День 58 (01.10.2026): 2,239.3 т
    День 59 (02.10.2026): 2,239.3 т
    День 60 (03.10.2026): 1,159.5 т
    День 61 (04.10.2026): 1,122.3 т
    День 62 (05.10.2026): 514.8 т

  [Центральне]
    День 1 (05.08.2026): 404.1 т
    День 2 (06.08.2026): 969.6 т
    День 3 (07.08.2026): 1,131.3 т
    День 4 (08.08.2026): 1,131.3 т
    День 5 (09.08.2026): 1,131.3 т
    День 6 (10.08.2026): 1,131.3 т
    День 7 (11.08.2026): 1,131.3 т
    День 8 (12.08.2026): 1,131.3 т
    День 9 (13.08.2026): 1,131.3 т
    День 10 (14.08.2026): 1,131.3 т
    День 11 (15.08.2026): 1,131.3 т
    День 12 (16.08.2026): 1,131.3 т
    День 13 (17.08.2026): 1,131.3 т
    День 14 (18.08.2026): 1,131.3 т
    День 15 (19.08.2026): 565.6 т
    День 16 (20.08.2026): 567.0 т
    День 17 (21.08.2026): 1,152.8 т
    День 18 (22.08.2026): 1,152.8 т
    День 19 (23.08.2026): 1,152.8 т
    День 20 (24.08.2026): 1,152.8 т
    День 21 (25.08.2026): 1,163.7 т
    День 22 (26.08.2026): 1,250.1 т
    День 23 (27.08.2026): 1,250.1 т
    День 24 (28.08.2026): 1,250.1 т
    День 25 (29.08.2026): 1,250.1 т
    День 26 (30.08.2026): 1,250.1 т
    День 27 (31.08.2026): 1,250.1 т
    День 28 (01.09.2026): 1,250.1 т
    День 29 (02.09.2026): 1,250.1 т
    День 30 (03.09.2026): 635.3 т
    День 31 (04.09.2026): 614.9 т
    День 32 (05.09.2026): 1,250.1 т
    День 33 (06.09.2026): 1,250.1 т
    День 34 (07.09.2026): 1,250.1 т
    День 35 (08.09.2026): 1,250.1 т
    День 36 (09.09.2026): 1,250.1 т
    День 37 (10.09.2026): 1,250.1 т
    День 38 (11.09.2026): 1,250.1 т
    День 39 (12.09.2026): 1,250.1 т
    День 40 (13.09.2026): 1,250.1 т
    День 41 (14.09.2026): 1,250.1 т
    День 42 (15.09.2026): 1,250.1 т
    День 43 (16.09.2026): 1,250.1 т
    День 44 (17.09.2026): 1,250.1 т
    День 45 (18.09.2026): 635.3 т
    День 46 (19.09.2026): 614.9 т
    День 47 (20.09.2026): 1,250.1 т
    День 48 (21.09.2026): 1,250.1 т
    День 49 (22.09.2026): 1,250.1 т
    День 50 (23.09.2026): 1,228.1 т
    День 51 (24.09.2026): 1,161.1 т
    День 52 (25.09.2026): 1,226.8 т
    День 53 (26.09.2026): 1,226.8 т
    День 54 (27.09.2026): 1,226.8 т
    День 55 (28.09.2026): 1,226.8 т
    День 56 (29.09.2026): 1,226.8 т
    День 57 (30.09.2026): 1,226.8 т
    День 58 (01.10.2026): 1,226.8 т
    День 59 (02.10.2026): 1,226.8 т
    День 60 (03.10.2026): 635.3 т
    День 61 (04.10.2026): 614.9 т
    День 62 (05.10.2026): 2,091.2 т
    День 63 (06.10.2026): 2,568.9 т
    День 64 (07.10.2026): 2,568.9 т
    День 65 (08.10.2026): 2,568.9 т
    День 66 (09.10.2026): 2,535.5 т

  [Лимани]
    День 1 (05.08.2026): 404.1 т
    День 2 (06.08.2026): 969.6 т
    День 3 (07.08.2026): 1,131.3 т
    День 4 (08.08.2026): 1,131.3 т
    День 5 (09.08.2026): 1,131.3 т
    День 6 (10.08.2026): 1,131.3 т
    День 7 (11.08.2026): 1,131.3 т
    День 8 (12.08.2026): 1,131.3 т
    День 9 (13.08.2026): 1,131.3 т
    День 10 (14.08.2026): 1,131.3 т
    День 11 (15.08.2026): 1,131.3 т
    День 12 (16.08.2026): 1,131.3 т
    День 13 (17.08.2026): 1,131.3 т
    День 14 (18.08.2026): 1,131.3 т
    День 15 (19.08.2026): 565.6 т
    День 16 (20.08.2026): 567.0 т
    День 17 (21.08.2026): 1,152.8 т
    День 18 (22.08.2026): 1,152.8 т
    День 19 (23.08.2026): 1,152.8 т
    День 20 (24.08.2026): 1,152.8 т
    День 21 (25.08.2026): 1,163.7 т
    День 22 (26.08.2026): 1,244.1 т
    День 23 (27.08.2026): 1,244.1 т
    День 24 (28.08.2026): 1,244.1 т
    День 25 (29.08.2026): 1,244.1 т
    День 26 (30.08.2026): 1,244.1 т
    День 27 (31.08.2026): 1,244.1 т
    День 28 (01.09.2026): 1,244.1 т
    День 29 (02.09.2026): 1,244.1 т
    День 30 (03.09.2026): 632.2 т
    День 31 (04.09.2026): 611.9 т
    День 32 (05.09.2026): 1,244.1 т
    День 33 (06.09.2026): 1,244.1 т
    День 34 (07.09.2026): 1,244.1 т
    День 35 (08.09.2026): 1,244.1 т
    День 36 (09.09.2026): 1,244.1 т
    День 37 (10.09.2026): 1,244.1 т
    День 38 (11.09.2026): 1,244.1 т
    День 39 (12.09.2026): 1,244.1 т
    День 40 (13.09.2026): 1,244.1 т
    День 41 (14.09.2026): 1,244.1 т
    День 42 (15.09.2026): 1,244.1 т
    День 43 (16.09.2026): 1,244.1 т
    День 44 (17.09.2026): 1,244.1 т
    День 45 (18.09.2026): 632.2 т
    День 46 (19.09.2026): 611.9 т
    День 47 (20.09.2026): 1,244.1 т
    День 48 (21.09.2026): 1,244.1 т
    День 49 (22.09.2026): 1,244.1 т
    День 50 (23.09.2026): 1,222.2 т
    День 51 (24.09.2026): 1,155.5 т
    День 52 (25.09.2026): 1,220.9 т
    День 53 (26.09.2026): 1,220.9 т
    День 54 (27.09.2026): 1,220.9 т
    День 55 (28.09.2026): 1,220.9 т
    День 56 (29.09.2026): 1,220.9 т
    День 57 (30.09.2026): 1,220.9 т
    День 58 (01.10.2026): 1,220.9 т
    День 59 (02.10.2026): 1,220.9 т
    День 60 (03.10.2026): 632.2 т
    День 61 (04.10.2026): 611.9 т
    День 62 (05.10.2026): 2,081.0 т
    День 63 (06.10.2026): 2,118.1 т
    День 64 (07.10.2026): 2,118.1 т
    День 65 (08.10.2026): 2,118.1 т
    День 66 (09.10.2026): 508.5 т

  [Фермери]
    День 1 (05.08.2026): 115.4 т
    День 2 (06.08.2026): 277.0 т
    День 3 (07.08.2026): 323.2 т
    День 4 (08.08.2026): 323.2 т
    День 5 (09.08.2026): 323.2 т
    День 6 (10.08.2026): 323.2 т
    День 7 (11.08.2026): 323.2 т
    День 8 (12.08.2026): 323.2 т
    День 9 (13.08.2026): 323.2 т
    День 10 (14.08.2026): 323.2 т
    День 11 (15.08.2026): 323.2 т
    День 12 (16.08.2026): 323.2 т
    День 13 (17.08.2026): 323.2 т
    День 14 (18.08.2026): 323.2 т
    День 15 (19.08.2026): 161.6 т
    День 16 (20.08.2026): 162.0 т
    День 17 (21.08.2026): 329.4 т
    День 18 (22.08.2026): 329.4 т
    День 19 (23.08.2026): 329.4 т
    День 20 (24.08.2026): 329.4 т
    День 21 (25.08.2026): 287.5 т

Залишки по полях (тільки > 0):
  РД10/4 (Центральне): залишок=23.1 / вал=4,730.4

Початкові потужності відділень:
  Шевченкове: 2,288.0 т/день
  Центральне: 1,232.0 т/день
  Лимани: 1,232.0 т/день
  Фермери: 352.0 т/день